[debug] [2025-05-02T02:09:49.782Z] ----------------------------------------------------------------------
[debug] [2025-05-02T02:09:49.786Z] Command:       C:\Program Files\nodejs\node.exe C:\Users\Talon\AppData\Roaming\npm\node_modules\firebase-tools\lib\bin\firebase.js init
[debug] [2025-05-02T02:09:49.787Z] CLI Version:   14.2.2
[debug] [2025-05-02T02:09:49.787Z] Platform:      win32
[debug] [2025-05-02T02:09:49.788Z] Node Version:  v22.11.0
[debug] [2025-05-02T02:09:49.788Z] Time:          Thu May 01 2025 21:09:49 GMT-0500 (Central Daylight Time)
[debug] [2025-05-02T02:09:49.788Z] ----------------------------------------------------------------------
[debug] 
[debug] [2025-05-02T02:09:49.800Z] > command requires scopes: ["email","openid","https://www.googleapis.com/auth/cloudplatformprojects.readonly","https://www.googleapis.com/auth/firebase","https://www.googleapis.com/auth/cloud-platform"]
[debug] [2025-05-02T02:09:49.800Z] > authorizing via signed-in user (tldenton04@gmail.com)
[info] 
     ######## #### ########  ######## ########     ###     ######  ########
     ##        ##  ##     ## ##       ##     ##  ##   ##  ##       ##
     ######    ##  ########  ######   ########  #########  ######  ######
     ##        ##  ##    ##  ##       ##     ## ##     ##       ## ##
     ##       #### ##     ## ######## ########  ##     ##  ######  ########

You're about to initialize a Firebase project in this directory:

  C:\Users\Talon\OneDrive\Documents\GitHub\jukeboxed_take2

[info] 
=== Project Setup
[info] 
[info] First, let's associate this project directory with a Firebase project.
[info] You can create multiple project aliases by running firebase use --add, 
[info] but for now we'll just set up a default project.
[info] 
[info] i  If you want to create a project in a Google Cloud organization or folder, please use "firebase projects:create" instead, and return to this command when you've created the project. 
[debug] [2025-05-02T02:16:08.652Z] Checked if tokens are valid: true, expires at: 1746153464358
[debug] [2025-05-02T02:16:08.653Z] Checked if tokens are valid: true, expires at: 1746153464358
[debug] [2025-05-02T02:16:08.657Z] >>> [apiv2][query] POST https://cloudresourcemanager.googleapis.com/v1/projects [none]
[debug] [2025-05-02T02:16:08.657Z] >>> [apiv2][body] POST https://cloudresourcemanager.googleapis.com/v1/projects {"projectId":"Jukeboxed","name":"Jukeboxed"}
[debug] [2025-05-02T02:16:09.086Z] <<< [apiv2][status] POST https://cloudresourcemanager.googleapis.com/v1/projects 400
[debug] [2025-05-02T02:16:09.086Z] <<< [apiv2][body] POST https://cloudresourcemanager.googleapis.com/v1/projects {"error":{"code":400,"message":"field [project_id] has issue [project_id contains invalid characters]","status":"INVALID_ARGUMENT","details":[{"@type":"type.googleapis.com/google.rpc.BadRequest","fieldViolations":[{"field":"project_id","description":"project_id contains invalid characters"}]},{"@type":"type.googleapis.com/google.rpc.Help","links":[{"url":"https://cloud.google.com/resource-manager/reference/rest/v1/projects"}]}]}}
[debug] [2025-05-02T02:16:09.217Z] FirebaseError: Request to https://cloudresourcemanager.googleapis.com/v1/projects had HTTP Error: 400, field [project_id] has issue [project_id contains invalid characters]
    at responseToError (C:\Users\Talon\AppData\Roaming\npm\node_modules\firebase-tools\lib\responseToError.js:52:12)
    at RetryOperation._fn (C:\Users\Talon\AppData\Roaming\npm\node_modules\firebase-tools\lib\apiv2.js:312:77)
    at process.processTicksAndRejections (node:internal/process/task_queues:105:5)
[error] 
[error] Error: Failed to create project. See firebase-debug.log for more info.
[debug] [2025-05-02T02:16:20.558Z] ----------------------------------------------------------------------
[debug] [2025-05-02T02:16:20.561Z] Command:       C:\Program Files\nodejs\node.exe C:\Users\Talon\AppData\Roaming\npm\node_modules\firebase-tools\lib\bin\firebase.js init
[debug] [2025-05-02T02:16:20.562Z] CLI Version:   14.2.2
[debug] [2025-05-02T02:16:20.562Z] Platform:      win32
[debug] [2025-05-02T02:16:20.562Z] Node Version:  v22.11.0
[debug] [2025-05-02T02:16:20.562Z] Time:          Thu May 01 2025 21:16:20 GMT-0500 (Central Daylight Time)
[debug] [2025-05-02T02:16:20.563Z] ----------------------------------------------------------------------
[debug] 
[debug] [2025-05-02T02:16:20.571Z] > command requires scopes: ["email","openid","https://www.googleapis.com/auth/cloudplatformprojects.readonly","https://www.googleapis.com/auth/firebase","https://www.googleapis.com/auth/cloud-platform"]
[debug] [2025-05-02T02:16:20.571Z] > authorizing via signed-in user (tldenton04@gmail.com)
[info] 
     ######## #### ########  ######## ########     ###     ######  ########
     ##        ##  ##     ## ##       ##     ##  ##   ##  ##       ##
     ######    ##  ########  ######   ########  #########  ######  ######
     ##        ##  ##    ##  ##       ##     ## ##     ##       ## ##
     ##       #### ##     ## ######## ########  ##     ##  ######  ########

You're about to initialize a Firebase project in this directory:

  C:\Users\Talon\OneDrive\Documents\GitHub\jukeboxed_take2

[info] 
=== Project Setup
[info] 
[info] First, let's associate this project directory with a Firebase project.
[info] You can create multiple project aliases by running firebase use --add, 
[info] but for now we'll just set up a default project.
[info] 
[debug] [2025-05-02T02:16:39.108Z] Checked if tokens are valid: true, expires at: 1746153464358
[debug] [2025-05-02T02:16:39.108Z] Checked if tokens are valid: true, expires at: 1746153464358
[debug] [2025-05-02T02:16:39.110Z] >>> [apiv2][query] GET https://firebase.googleapis.com/v1beta1/projects pageSize=100
[debug] [2025-05-02T02:16:39.520Z] <<< [apiv2][status] GET https://firebase.googleapis.com/v1beta1/projects 200
[debug] [2025-05-02T02:16:39.520Z] <<< [apiv2][body] GET https://firebase.googleapis.com/v1beta1/projects [omitted]
[info] i  Using project jukeboxed-3458b (Jukeboxed) 
[info] 
=== Firestore Setup
[debug] [2025-05-02T02:16:41.737Z] Checked if tokens are valid: true, expires at: 1746153464358
[debug] [2025-05-02T02:16:41.737Z] Checked if tokens are valid: true, expires at: 1746153464358
[debug] [2025-05-02T02:16:41.737Z] >>> [apiv2][query] GET https://serviceusage.googleapis.com/v1/projects/jukeboxed-3458b/services/firestore.googleapis.com [none]
[debug] [2025-05-02T02:16:41.738Z] >>> [apiv2][(partial)header] GET https://serviceusage.googleapis.com/v1/projects/jukeboxed-3458b/services/firestore.googleapis.com x-goog-quota-user=projects/jukeboxed-3458b
[debug] [2025-05-02T02:16:42.050Z] <<< [apiv2][status] GET https://serviceusage.googleapis.com/v1/projects/jukeboxed-3458b/services/firestore.googleapis.com 200
[debug] [2025-05-02T02:16:42.050Z] <<< [apiv2][body] GET https://serviceusage.googleapis.com/v1/projects/jukeboxed-3458b/services/firestore.googleapis.com [omitted]
[debug] [2025-05-02T02:16:42.051Z] Checked if tokens are valid: true, expires at: 1746153464358
[debug] [2025-05-02T02:16:42.051Z] Checked if tokens are valid: true, expires at: 1746153464358
[debug] [2025-05-02T02:16:42.051Z] >>> [apiv2][query] GET https://firestore.googleapis.com/v1/projects/jukeboxed-3458b/databases/(default) [none]
[debug] [2025-05-02T02:16:42.324Z] <<< [apiv2][status] GET https://firestore.googleapis.com/v1/projects/jukeboxed-3458b/databases/(default) 200
[debug] [2025-05-02T02:16:42.324Z] <<< [apiv2][body] GET https://firestore.googleapis.com/v1/projects/jukeboxed-3458b/databases/(default) {"name":"projects/jukeboxed-3458b/databases/(default)","uid":"70394aa6-3693-4da8-9cc5-507a47d03c2c","createTime":"2025-01-30T23:11:05.340007Z","updateTime":"2025-01-30T23:11:05.340007Z","locationId":"nam5","type":"FIRESTORE_NATIVE","concurrencyMode":"PESSIMISTIC","versionRetentionPeriod":"3600s","earliestVersionTime":"2025-05-02T01:16:42.949851Z","appEngineIntegrationMode":"DISABLED","keyPrefix":"s","pointInTimeRecoveryEnablement":"POINT_IN_TIME_RECOVERY_DISABLED","deleteProtectionState":"DELETE_PROTECTION_DISABLED","databaseEdition":"STANDARD","freeTier":true,"etag":"IJ+kn+7bg40DMNT4jtfTg40D"}
[debug] [2025-05-02T02:16:42.325Z] database_type: FIRESTORE_NATIVE
[debug] [2025-05-02T02:16:42.325Z] database_type: FIRESTORE_NATIVE
[debug] [2025-05-02T02:16:42.325Z] > command requires scopes: ["email","openid","https://www.googleapis.com/auth/cloudplatformprojects.readonly","https://www.googleapis.com/auth/firebase","https://www.googleapis.com/auth/cloud-platform"]
[debug] [2025-05-02T02:16:42.326Z] > authorizing via signed-in user (tldenton04@gmail.com)
[debug] [2025-05-02T02:16:42.326Z] [iam] checking project jukeboxed-3458b for permissions ["firebase.projects.get"]
[debug] [2025-05-02T02:16:42.328Z] Checked if tokens are valid: true, expires at: 1746153464358
[debug] [2025-05-02T02:16:42.328Z] Checked if tokens are valid: true, expires at: 1746153464358
[debug] [2025-05-02T02:16:42.328Z] >>> [apiv2][query] POST https://cloudresourcemanager.googleapis.com/v1/projects/jukeboxed-3458b:testIamPermissions [none]
[debug] [2025-05-02T02:16:42.329Z] >>> [apiv2][(partial)header] POST https://cloudresourcemanager.googleapis.com/v1/projects/jukeboxed-3458b:testIamPermissions x-goog-quota-user=projects/jukeboxed-3458b
[debug] [2025-05-02T02:16:42.329Z] >>> [apiv2][body] POST https://cloudresourcemanager.googleapis.com/v1/projects/jukeboxed-3458b:testIamPermissions {"permissions":["firebase.projects.get"]}
[debug] [2025-05-02T02:16:42.468Z] <<< [apiv2][status] POST https://cloudresourcemanager.googleapis.com/v1/projects/jukeboxed-3458b:testIamPermissions 200
[debug] [2025-05-02T02:16:42.468Z] <<< [apiv2][body] POST https://cloudresourcemanager.googleapis.com/v1/projects/jukeboxed-3458b:testIamPermissions {"permissions":["firebase.projects.get"]}
[info] 
[info] Firestore Security Rules allow you to define how and when to allow
[info] requests. You can keep these rules in your project directory
[info] and publish them with firebase deploy.
[info] 
[debug] [2025-05-02T02:16:54.607Z] Checked if tokens are valid: true, expires at: 1746153464358
[debug] [2025-05-02T02:16:54.608Z] Checked if tokens are valid: true, expires at: 1746153464358
[debug] [2025-05-02T02:16:54.609Z] >>> [apiv2][query] GET https://firebaserules.googleapis.com/v1/projects/jukeboxed-3458b/releases pageSize=10&pageToken=
[debug] [2025-05-02T02:16:55.814Z] <<< [apiv2][status] GET https://firebaserules.googleapis.com/v1/projects/jukeboxed-3458b/releases 200
[debug] [2025-05-02T02:16:55.815Z] <<< [apiv2][body] GET https://firebaserules.googleapis.com/v1/projects/jukeboxed-3458b/releases {"releases":[{"name":"projects/jukeboxed-3458b/releases/cloud.firestore","rulesetName":"projects/jukeboxed-3458b/rulesets/4a83712b-00db-4df6-af15-8680a53d1823","createTime":"2025-01-30T23:11:09.757550Z","updateTime":"2025-01-30T23:11:09.757550Z"}]}
[debug] [2025-05-02T02:16:55.815Z] Found ruleset: projects/jukeboxed-3458b/rulesets/4a83712b-00db-4df6-af15-8680a53d1823
[debug] [2025-05-02T02:16:55.816Z] Checked if tokens are valid: true, expires at: 1746153464358
[debug] [2025-05-02T02:16:55.816Z] Checked if tokens are valid: true, expires at: 1746153464358
[debug] [2025-05-02T02:16:55.816Z] >>> [apiv2][query] GET https://firebaserules.googleapis.com/v1/projects/jukeboxed-3458b/rulesets/4a83712b-00db-4df6-af15-8680a53d1823 [none]
[debug] [2025-05-02T02:16:55.929Z] <<< [apiv2][status] GET https://firebaserules.googleapis.com/v1/projects/jukeboxed-3458b/rulesets/4a83712b-00db-4df6-af15-8680a53d1823 200
[debug] [2025-05-02T02:16:55.930Z] <<< [apiv2][body] GET https://firebaserules.googleapis.com/v1/projects/jukeboxed-3458b/rulesets/4a83712b-00db-4df6-af15-8680a53d1823 [omitted]
[info] 
[info] Firestore indexes allow you to perform complex queries while
[info] maintaining performance that scales with the size of the result
[info] set. You can keep index definitions in your project directory
[info] and publish them with firebase deploy.
[info] 
[debug] [2025-05-02T02:18:57.787Z] Checked if tokens are valid: true, expires at: 1746153464358
[debug] [2025-05-02T02:18:57.787Z] Checked if tokens are valid: true, expires at: 1746153464358
[debug] [2025-05-02T02:18:57.787Z] Checked if tokens are valid: true, expires at: 1746153464358
[debug] [2025-05-02T02:18:57.787Z] Checked if tokens are valid: true, expires at: 1746153464358
[debug] [2025-05-02T02:18:57.788Z] >>> [apiv2][query] GET https://firestore.googleapis.com/v1/projects/jukeboxed-3458b/databases/(default)/collectionGroups/-/indexes [none]
[debug] [2025-05-02T02:18:57.791Z] >>> [apiv2][query] GET https://firestore.googleapis.com/v1/projects/jukeboxed-3458b/databases/(default)/collectionGroups/-/fields?filter=indexConfig.usesAncestorConfig=false OR ttlConfig:* [none]
[debug] [2025-05-02T02:18:57.995Z] <<< [apiv2][status] GET https://firestore.googleapis.com/v1/projects/jukeboxed-3458b/databases/(default)/collectionGroups/-/fields?filter=indexConfig.usesAncestorConfig=false OR ttlConfig:* 200
[debug] [2025-05-02T02:18:57.995Z] <<< [apiv2][body] GET https://firestore.googleapis.com/v1/projects/jukeboxed-3458b/databases/(default)/collectionGroups/-/fields?filter=indexConfig.usesAncestorConfig=false OR ttlConfig:* {"fields":[{"name":"projects/jukeboxed-3458b/databases/(default)/collectionGroups/__default__/fields/*","indexConfig":{"indexes":[{"queryScope":"COLLECTION","fields":[{"fieldPath":"*","order":"ASCENDING"}],"state":"READY"},{"queryScope":"COLLECTION","fields":[{"fieldPath":"*","order":"DESCENDING"}],"state":"READY"},{"queryScope":"COLLECTION","fields":[{"fieldPath":"*","arrayConfig":"CONTAINS"}],"state":"READY"}]}}]}
[debug] [2025-05-02T02:18:58.000Z] <<< [apiv2][status] GET https://firestore.googleapis.com/v1/projects/jukeboxed-3458b/databases/(default)/collectionGroups/-/indexes 200
[debug] [2025-05-02T02:18:58.000Z] <<< [apiv2][body] GET https://firestore.googleapis.com/v1/projects/jukeboxed-3458b/databases/(default)/collectionGroups/-/indexes {}
[info] 
=== Hosting Setup
[debug] [2025-05-02T02:18:58.004Z] Checked if tokens are valid: true, expires at: 1746153464358
[debug] [2025-05-02T02:18:58.004Z] Checked if tokens are valid: true, expires at: 1746153464358
[debug] [2025-05-02T02:18:58.004Z] >>> [apiv2][query] GET https://firebase.googleapis.com/v1beta1/projects/jukeboxed-3458b [none]
[debug] [2025-05-02T02:18:58.214Z] <<< [apiv2][status] GET https://firebase.googleapis.com/v1beta1/projects/jukeboxed-3458b 200
[debug] [2025-05-02T02:18:58.214Z] <<< [apiv2][body] GET https://firebase.googleapis.com/v1beta1/projects/jukeboxed-3458b {"projectId":"jukeboxed-3458b","projectNumber":"891182804091","displayName":"Jukeboxed","name":"projects/jukeboxed-3458b","resources":{"hostingSite":"jukeboxed-3458b"},"state":"ACTIVE","etag":"1_1691b914-5a47-44a2-a0a1-057ba807c423"}
[info] 
[info] Your public directory is the folder (relative to your project directory) that
[info] will contain Hosting assets to be uploaded with firebase deploy. If you
[info] have a build process for your assets, use your build's output directory.
[info] 
[debug] [2025-05-02T02:19:25.632Z] >>> [apiv2][query] GET https://www.gstatic.com/firebasejs/releases.json [none]
[debug] [2025-05-02T02:19:25.740Z] <<< [apiv2][status] GET https://www.gstatic.com/firebasejs/releases.json 200
[debug] [2025-05-02T02:19:25.741Z] <<< [apiv2][body] GET https://www.gstatic.com/firebasejs/releases.json {"current":{"version":"11.6.1","browserURL":"https://www.gstatic.com/firebasejs/11.6.1/firebase.js","packageURL":"https://www.gstatic.com/firebasejs/11.6.1/firebase.tgz"},"live":{"version":"11.6","browserURL":"https://www.gstatic.com/firebasejs/live/11.6/firebase.js","packageURL":"https://www.gstatic.com/firebasejs/live/11.6/firebase.tgz"},"components":{"analytics":"https://www.gstatic.com/firebasejs/11.6.1/firebase-analytics.js","app":"https://www.gstatic.com/firebasejs/11.6.1/firebase-app.js","app-check":"https://www.gstatic.com/firebasejs/11.6.1/firebase-app-check.js","auth":"https://www.gstatic.com/firebasejs/11.6.1/firebase-auth.js","auth/cordova":"https://www.gstatic.com/firebasejs/11.6.1/firebase-auth/cordova.js","auth/web-extension":"https://www.gstatic.com/firebasejs/11.6.1/firebase-auth/web-extension.js","functions":"https://www.gstatic.com/firebasejs/11.6.1/firebase-functions.js","firestore":"https://www.gstatic.com/firebasejs/11.6.1/firebase-firestore.js","firestore/lite":"https://www.gstatic.com/firebasejs/11.6.1/firebase-firestore/lite.js","installations":"https://www.gstatic.com/firebasejs/11.6.1/firebase-installations.js","storage":"https://www.gstatic.com/firebasejs/11.6.1/firebase-storage.js","performance":"https://www.gstatic.com/firebasejs/11.6.1/firebase-performance.js","remote-config":"https://www.gstatic.com/firebasejs/11.6.1/firebase-remote-config.js","messaging":"https://www.gstatic.com/firebasejs/11.6.1/firebase-messaging.js","messaging/sw":"https://www.gstatic.com/firebasejs/11.6.1/firebase-messaging/sw.js","database":"https://www.gstatic.com/firebasejs/11.6.1/firebase-database.js","vertexai":"https://www.gstatic.com/firebasejs/11.6.1/firebase-vertexai.js","data-connect":"https://www.gstatic.com/firebasejs/11.6.1/firebase-data-connect.js","firestore.memory":"https://www.gstatic.com/firebasejs/11.6.1/firebase-firestore.memory.js"}}
[info] i  Skipping write of public/index.html 
[info] 
[info] i  Detected a .git folder at C:\Users\Talon\OneDrive\Documents\GitHub\jukeboxed_take2 
[info] i  Authorizing with GitHub to upload your service account to a GitHub repository's secrets store. 
[info] 
[info] Visit this URL on this device to log in:
[info] https://github.com/login/oauth/authorize?client_id=89cf50f02ac6aaed3484&state=316248234&redirect_uri=http%3A%2F%2Flocalhost%3A9005&scope=read%3Auser%20repo%20public_repo
[info] 
[info] Waiting for authentication...
[debug] [2025-05-02T02:19:32.605Z] >>> [apiv2][query] POST https://github.com/login/oauth/access_token [none]
[debug] [2025-05-02T02:19:32.605Z] >>> [apiv2][body] POST https://github.com/login/oauth/access_token [stream]
[debug] [2025-05-02T02:19:32.950Z] <<< [apiv2][status] POST https://github.com/login/oauth/access_token 200
[debug] [2025-05-02T02:19:32.950Z] <<< [apiv2][body] POST https://github.com/login/oauth/access_token {"access_token":"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","token_type":"bearer","scope":"read:user,repo"}
[debug] [2025-05-02T02:19:32.960Z] >>> [apiv2][query] GET https://api.github.com/user [none]
[debug] [2025-05-02T02:19:33.378Z] <<< [apiv2][status] GET https://api.github.com/user 200
[debug] [2025-05-02T02:19:33.378Z] <<< [apiv2][body] GET https://api.github.com/user {"login":"salteddawgg","id":144934883,"node_id":"U_kgDOCKOH4w","avatar_url":"https://avatars.githubusercontent.com/u/144934883?v=4","gravatar_id":"","url":"https://api.github.com/users/salteddawgg","html_url":"https://github.com/salteddawgg","followers_url":"https://api.github.com/users/salteddawgg/followers","following_url":"https://api.github.com/users/salteddawgg/following{/other_user}","gists_url":"https://api.github.com/users/salteddawgg/gists{/gist_id}","starred_url":"https://api.github.com/users/salteddawgg/starred{/owner}{/repo}","subscriptions_url":"https://api.github.com/users/salteddawgg/subscriptions","organizations_url":"https://api.github.com/users/salteddawgg/orgs","repos_url":"https://api.github.com/users/salteddawgg/repos","events_url":"https://api.github.com/users/salteddawgg/events{/privacy}","received_events_url":"https://api.github.com/users/salteddawgg/received_events","type":"User","user_view_type":"private","site_admin":false,"name":null,"company":null,"blog":"","location":null,"email":null,"hireable":null,"bio":null,"twitter_username":null,"notification_email":null,"public_repos":8,"public_gists":0,"followers":3,"following":6,"created_at":"2023-09-13T15:44:14Z","updated_at":"2025-05-02T01:50:02Z","private_gists":0,"total_private_repos":3,"owned_private_repos":3,"disk_usage":4552,"collaborators":0,"two_factor_authentication":false,"plan":{"name":"free","space":976562499,"collaborators":0,"private_repos":10000}}
[info] 
[info] +  Success! Logged into GitHub as salteddawgg 
[info] 
